// Jest Snapshot v1, https://goo.gl/fbAQLP

exports[`Results should render correctly 1`] = `
<Fragment>
  <p
    style={
      Object {
        "color": "#ffffff",
        "fontSize": "1.5rem",
        "textAlign": "center",
      }
    }
  >
    Total results is 
    100
  </p>
  <styled.div />
</Fragment>
`;
